/opt/conda/lib/python3.12/site-packages/torchvision/datasets/cifar.py:83: VisibleDeprecationWarning: dtype(): align should be passed as Python or NumPy boolean but got `align=0`. Did you mean to pass a tuple to create a subarray type? (Deprecated NumPy 2.4)
  entry = pickle.load(f, encoding="latin1")
step 50/1000 loss 0.4661 train-bitacc 0.859
step 100/1000 loss 0.4376 train-bitacc 0.906
step 150/1000 loss 0.3129 train-bitacc 0.965
step 200/1000 loss 0.3893 train-bitacc 0.871
step 250/1000 loss 0.2619 train-bitacc 0.969
step 300/1000 loss 0.2770 train-bitacc 0.945
step 350/1000 loss 0.3030 train-bitacc 0.930
step 400/1000 loss 0.2692 train-bitacc 0.945
step 450/1000 loss 0.2649 train-bitacc 0.898
step 500/1000 loss 0.0980 train-bitacc 0.992
[eval] step 500 clean=0.999 jpeg50=0.997 noise05=0.999
step 550/1000 loss 0.1429 train-bitacc 0.961
step 600/1000 loss 0.1983 train-bitacc 0.945
step 650/1000 loss 0.1169 train-bitacc 0.961
step 700/1000 loss 0.2756 train-bitacc 0.898
step 750/1000 loss 0.2873 train-bitacc 0.887
step 800/1000 loss 0.1623 train-bitacc 0.949
step 850/1000 loss 0.1731 train-bitacc 0.941
step 900/1000 loss 0.1532 train-bitacc 0.941
step 950/1000 loss 0.2058 train-bitacc 0.949
step 1000/1000 loss 0.1762 train-bitacc 0.961
[eval] step 1000 clean=0.998 jpeg50=0.995 noise05=0.998
saved -> /root/diffusion/checkpoints/decoder.pt (best jpeg50 acc 0.997)
