/opt/conda/lib/python3.12/site-packages/torchvision/datasets/cifar.py:83: VisibleDeprecationWarning: dtype(): align should be passed as Python or NumPy boolean but got `align=0`. Did you mean to pass a tuple to create a subarray type? (Deprecated NumPy 2.4)
  entry = pickle.load(f, encoding="latin1")
stego quality: PSNR 9.52 dB, SSIM 0.1040, LPIPS n/a (n=64)
         clean: bit-acc 0.995
        jpeg30: bit-acc 0.995
        jpeg50: bit-acc 0.996
        jpeg75: bit-acc 0.994
     noise0.05: bit-acc 0.995
     noise0.10: bit-acc 0.996
       blur3x3: bit-acc 0.994
       blur5x5: bit-acc 0.989
     resize0.5: bit-acc 0.954
     resize0.7: bit-acc 0.994
    bright+0.1: bit-acc 0.994
   contrast1.2: bit-acc 0.995
       crop2px: bit-acc 0.995
       crop4px: bit-acc 0.995
 cropresize0.8: bit-acc 0.484
       rotate5: bit-acc 0.881
      rotate15: bit-acc 0.490
  translate2px: bit-acc 0.369
       zoom1.1: bit-acc 0.851
         regen: bit-acc 0.889 | cost vs cover 9.01 dB / vs stego 9.79 dB
     wrong-key: bit-acc 0.482 (期望≈0.5)
saved -> /root/diffusion/results/robustness.md, /root/diffusion/results/robustness.csv
